// Jest Snapshot v1, https://goo.gl/fbAQLP

exports[`<MuiListItemText /> snapshot 1`] = `
<div
  className="MuiListItemText-root makeStyles-root-3 MuiListItemText-multiline"
>
  <span
    className="MuiTypography-root MuiListItemText-primary MuiTypography-body1"
  >
    primary
  </span>
  <p
    className="MuiTypography-root MuiListItemText-secondary MuiTypography-body2 MuiTypography-colorTextSecondary"
  >
    secondary
  </p>
</div>
`;
