// Jest Snapshot v1, https://goo.gl/fbAQLP

exports[`<MuiTable /> snapshot 1`] = `
<table
  className="MuiTable-root makeStyles-root-2"
  role={null}
>
  <thead
    className="MuiTableHead-root makeStyles-root-5"
    role={null}
  >
    <tr
      className="MuiTableRow-root makeStyles-root-7 MuiTableRow-head"
      role={null}
    >
      <th
        aria-sort={null}
        className="MuiTableCell-root MuiTableCell-head makeStyles-root-13"
        scope="col"
      >
        <div
          className="MuiTypography-root makeStyles-root-26 MuiTypography-body1"
        >
          <span
            className="MuiTypography-root makeStyles-root-27 MuiTypography-body1"
          >
             wooo 
          </span>
        </div>
      </th>
    </tr>
  </thead>
  <tbody
    className="MuiTableBody-root makeStyles-root-58"
    role={null}
  >
    <tr
      className="MuiTableRow-root makeStyles-root-60"
      role={null}
    >
      <td
        aria-sort="ascending"
        className="MuiTableCell-root MuiTableCell-body makeStyles-root-61 MuiTableCell-alignCenter"
      >
        <div
          className="MuiTypography-root makeStyles-root-62 MuiTypography-body1 MuiTypography-colorInherit"
        >
          <span
            className="MuiTypography-root makeStyles-root-63 MuiTypography-body1"
          >
             table body 1 
          </span>
        </div>
      </td>
    </tr>
  </tbody>
</table>
`;
