// Jest Snapshot v1, https://goo.gl/fbAQLP

exports[`<MuiPaginationTableHead /> snapshot 1`] = `
<thead
  className="MuiTableHead-root makeStyles-root-2"
  role={null}
>
  <tr
    className="MuiTableRow-root makeStyles-root-4 MuiTableRow-head"
    role={null}
  >
    <th
      aria-sort={null}
      className="MuiTableCell-root MuiTableCell-head makeStyles-root-10"
      scope="col"
    >
      <div
        className="MuiTypography-root makeStyles-root-23 MuiTypography-body1"
      >
        <span
          className="MuiTypography-root makeStyles-root-24 MuiTypography-body1"
        >
           wooo 
        </span>
      </div>
    </th>
  </tr>
</thead>
`;
