// Jest Snapshot v1, https://goo.gl/fbAQLP

exports[`<MuiGridListTileBar /> snapshot 1`] = `
<div
  className="MuiGridListTileBar-root makeStyles-root-2 MuiGridListTileBar-titlePositionBottom MuiGridListTileBar-rootSubtitle"
>
  <div
    className="MuiGridListTileBar-titleWrap MuiGridListTileBar-titleWrapActionPosRight"
  >
    <div
      className="MuiGridListTileBar-title"
    >
      ayeeeee
    </div>
    <div
      className="MuiGridListTileBar-subtitle"
    >
      <span>
        wooooo
      </span>
    </div>
  </div>
  <div
    className="MuiGridListTileBar-actionIcon"
  >
    <button
      className="MuiButtonBase-root MuiIconButton-root makeStyles-root-14"
      data-testid="muiIconButton"
      disabled={false}
      onBlur={[Function]}
      onClick={[Function]}
      onDragLeave={[Function]}
      onFocus={[Function]}
      onKeyDown={[Function]}
      onKeyUp={[Function]}
      onMouseDown={[Function]}
      onMouseLeave={[Function]}
      onMouseUp={[Function]}
      onTouchEnd={[Function]}
      onTouchMove={[Function]}
      onTouchStart={[Function]}
      tabIndex={0}
      type="button"
    >
      <span
        className="MuiIconButton-label"
      >
        <span
          aria-hidden={true}
          className="material-icons MuiIcon-root makeStyles-root-27 MuiIcon-colorSecondary"
        >
          home
        </span>
      </span>
    </button>
  </div>
</div>
`;
