// Jest Snapshot v1, https://goo.gl/fbAQLP

exports[`<MuiCard /> snapshot 1`] = `
<div
  className="MuiPaper-root MuiCard-root makeStyles-root-3 MuiPaper-elevation1 MuiPaper-rounded"
>
  <div
    className="MuiCardActions storyblok--outline"
    data-blok-c="{\\"name\\": \\"MuiCardActions\\", \\"space\\": \\"48408\\", \\"uid\\": \\"947be9f0-47c3-4315-a95a-550f0c560eb5\\", \\"id\\": \\"307934\\"}"
  >
    <div
      className="MuiCardActions-root makeStyles-root-4 MuiCardActions-spacing"
    >
      <div
        className="MuiButtonRedirect storyblok--outline"
        data-blok-c="{\\"name\\": \\"MuiButtonRedirect\\", \\"space\\": \\"48408\\", \\"uid\\": \\"947be9f0-47c3-4315-a95a-550f0c560eb5\\", \\"id\\": \\"307934\\"}"
      >
        <button
          className="MuiButtonBase-root MuiButton-root MuiButton-text makeStyles-root-5 MuiButton-textSecondary MuiButton-fullWidth"
          data-testid="muiButton"
          disabled={false}
          onBlur={[Function]}
          onClick={[Function]}
          onDragLeave={[Function]}
          onFocus={[Function]}
          onKeyDown={[Function]}
          onKeyUp={[Function]}
          onMouseDown={[Function]}
          onMouseLeave={[Function]}
          onMouseUp={[Function]}
          onTouchEnd={[Function]}
          onTouchMove={[Function]}
          onTouchStart={[Function]}
          tabIndex={0}
          type="button"
        >
          <span
            className="MuiButton-label"
          >
            buttonText
          </span>
        </button>
      </div>
    </div>
  </div>
  <div
    className="MuiCardContent storyblok--outline"
    data-blok-c="{\\"name\\": \\"MuiCardContent\\", \\"space\\": \\"48408\\", \\"uid\\": \\"947be9f0-47c3-4315-a95a-550f0c560eb5\\", \\"id\\": \\"307934\\"}"
  >
    <div
      className="MuiCardContent-root makeStyles-root-6"
    >
      <div
        className="MuiTypography storyblok--outline"
        data-blok-c="{\\"name\\": \\"MuiTypography\\", \\"space\\": \\"48408\\", \\"uid\\": \\"947be9f0-47c3-4315-a95a-550f0c560eb5\\", \\"id\\": \\"307934\\"}"
      >
        <div
          className="MuiTypography-root makeStyles-root-7 MuiTypography-body1"
        >
          <span
            className="MuiTypography-root makeStyles-root-8 MuiTypography-body1"
          >
             undefined 
          </span>
        </div>
      </div>
    </div>
  </div>
  <div
    className="MuiCardHeader storyblok--outline"
    data-blok-c="{\\"name\\": \\"MuiCardHeader\\", \\"space\\": \\"48408\\", \\"uid\\": \\"947be9f0-47c3-4315-a95a-550f0c560eb5\\", \\"id\\": \\"307934\\"}"
  >
    <div
      className="MuiCardHeader-root makeStyles-root-9"
    >
      <div
        className="MuiCardHeader-avatar"
      />
      <div
        className="MuiCardHeader-content"
      >
        <span
          className="MuiTypography-root MuiCardHeader-title MuiTypography-body2 MuiTypography-displayBlock"
        >
          title
        </span>
        <span
          className="MuiTypography-root MuiCardHeader-subheader MuiTypography-body2 MuiTypography-colorTextSecondary MuiTypography-displayBlock"
        >
          
        </span>
      </div>
      <div
        className="MuiCardHeader-action"
      />
    </div>
  </div>
  <div
    className="MuiCardMedia storyblok--outline"
    data-blok-c="{\\"name\\": \\"MuiCardMedia\\", \\"space\\": \\"48408\\", \\"uid\\": \\"947be9f0-47c3-4315-a95a-550f0c560eb5\\", \\"id\\": \\"307934\\"}"
  >
    <div
      alt="alt"
      className="MuiCardMedia-root makeStyles-root-10"
      style={
        Object {
          "backgroundImage": "url(\\"img.com\\")",
        }
      }
      title="title"
    />
  </div>
</div>
`;
