// Jest Snapshot v1, https://goo.gl/fbAQLP

exports[`<MuiCardHeader /> snapshot 1`] = `
<div
  className="MuiCardHeader-root makeStyles-root-3"
>
  <div
    className="MuiCardHeader-avatar"
  />
  <div
    className="MuiCardHeader-content"
  >
    <span
      className="MuiTypography-root MuiCardHeader-title MuiTypography-body2 MuiTypography-displayBlock"
    >
      title
    </span>
    <span
      className="MuiTypography-root MuiCardHeader-subheader MuiTypography-body2 MuiTypography-colorTextSecondary MuiTypography-displayBlock"
    >
      
    </span>
  </div>
  <div
    className="MuiCardHeader-action"
  />
</div>
`;
