// Jest Snapshot v1, https://goo.gl/fbAQLP

exports[`<NotificationBanner /> snapshot 1`] = `
<header
  className="MuiPaper-root MuiAppBar-root MuiAppBar-positionFixed MuiAppBar-colorPrimary makeStyles-root-5  mui-fixed MuiPaper-elevation4"
  data-blok-c=""
  data-blok-uid=""
>
  <div
    style={
      Object {
        "position": "relative",
      }
    }
  >
    <span
      aria-hidden={true}
      className="material-icons MuiIcon-root"
      onClick={[Function]}
      style={
        Object {
          "color": "red",
          "cursor": "pointer",
          "position": "absolute",
          "right": "15px",
          "top": "15px",
        }
      }
    >
      clear
    </span>
  </div>
</header>
`;
