// Jest Snapshot v1, https://goo.gl/fbAQLP

exports[`<MuiExpansionPanelDetails /> snapshot 1`] = `
<div
  className="MuiExpansionPanelDetails-root makeStyles-root-3"
>
  <div
    className="MuiTypography-root makeStyles-root-5 MuiTypography-body1"
  >
    <span
      className="MuiTypography-root makeStyles-root-6 MuiTypography-body1"
    >
       text 
    </span>
  </div>
</div>
`;
