// Jest Snapshot v1, https://goo.gl/fbAQLP

exports[`<MuiTooltip /> snapshot 1`] = `
<div
  aria-describedby={null}
  className="makeStyles-root-3"
  data-testid="tooltip"
  onBlur={[Function]}
  onFocus={[Function]}
  onMouseLeave={[Function]}
  onMouseOver={[Function]}
  onTouchEnd={[Function]}
  onTouchStart={[Function]}
  title="title text"
>
  <div>
    thing here
  </div>
</div>
`;
