// Jest Snapshot v1, https://goo.gl/fbAQLP

exports[`<MuiNotificationBanner /> snapshot 1`] = `
<header
  className="MuiPaper-root MuiAppBar-root MuiAppBar-positionFixed MuiAppBar-colorPrimary makeStyles-root-5 mui-fixed MuiPaper-elevation4"
>
  <div
    style={
      Object {
        "position": "relative",
      }
    }
  >
    <div
      className="MuiTypography storyblok--outline"
      data-blok-c="{\\"name\\": \\"MuiTypography\\", \\"space\\": \\"48408\\", \\"uid\\": \\"947be9f0-47c3-4315-a95a-550f0c560eb5\\", \\"id\\": \\"307934\\"}"
    >
      <div
        className="MuiTypography-root makeStyles-root-6 MuiTypography-body1"
      >
        <span
          className="MuiTypography-root makeStyles-root-7 MuiTypography-body1"
        >
           Banner text 
        </span>
      </div>
    </div>
    <span
      aria-hidden={true}
      className="material-icons MuiIcon-root"
      onClick={[Function]}
      style={
        Object {
          "color": "red",
          "cursor": "pointer",
          "position": "absolute",
          "right": "15px",
          "top": "15px",
        }
      }
    >
      clear
    </span>
  </div>
</header>
`;
