// Jest Snapshot v1, https://goo.gl/fbAQLP

exports[`<Accordion /> snapshot 1`] = `
<div
  className="MuiPaper-root MuiAccordion-root makeStyles-root-3  MuiAccordion-rounded MuiPaper-elevation1 MuiPaper-rounded"
  data-blok-c=""
  data-blok-uid=""
>
  <div
    className="MuiCollapse-container MuiCollapse-hidden"
    style={
      Object {
        "minHeight": "0px",
      }
    }
  >
    <div
      className="MuiCollapse-wrapper"
    >
      <div
        className="MuiCollapse-wrapperInner"
      >
        <div
          role="region"
        />
      </div>
    </div>
  </div>
</div>
`;
