// Jest Snapshot v1, https://goo.gl/fbAQLP

exports[`<MuiAppBar /> snapshot 1`] = `
<header
  className="MuiPaper-root MuiAppBar-root MuiAppBar-positionFixed MuiAppBar-colorPrimary makeStyles-root-3 mui-fixed MuiPaper-elevation4"
>
  <div
    className="MuiToolbar-root MuiToolbar-regular MuiToolbar-gutters"
  >
    <div />
  </div>
</header>
`;
