// Jest Snapshot v1, https://goo.gl/fbAQLP

exports[`<MuiActionCard /> snapshot 1`] = `
<div
  className="actionCard"
  id="actionCard-test"
  onClick={[Function]}
  style={
    Object {
      "height": "100px",
      "width": "100px",
    }
  }
>
  <div
    className="actionHeader"
  >
    <span
      aria-hidden={true}
      className="material-icons MuiIcon-root makeStyles-root-11 MuiIcon-colorSecondary"
    >
      star
    </span>
    <div
      className="MuiTypography-root makeStyles-root-12 MuiTypography-body1"
    >
      <span
        className="MuiTypography-root makeStyles-root-13 MuiTypography-body1"
      >
         Header of a card 
      </span>
    </div>
  </div>
  <div
    className="actionBody"
  >
    <div
      className="MuiTypography-root makeStyles-root-14 MuiTypography-body1"
    >
      <span
        className="MuiTypography-root makeStyles-root-15 MuiTypography-body1"
      >
         this is the text of an action card body. 
      </span>
    </div>
  </div>
</div>
`;
