// Jest Snapshot v1, https://goo.gl/fbAQLP

exports[`<AppBar /> snapshot 1`] = `
<header
  className="MuiPaper-root MuiAppBar-root MuiAppBar-positionRelative MuiAppBar-colorPrimary makeStyles-root-3  MuiPaper-elevation4"
  data-blok-c=""
  data-blok-uid=""
>
  <div
    className="MuiToolbar-root MuiToolbar-regular MuiToolbar-gutters"
  />
</header>
`;
