// Jest Snapshot v1, https://goo.gl/fbAQLP

exports[`<AppBar /> snapshot 1`] = `
<header
  className="MuiPaper-root MuiAppBar-root MuiAppBar-positionRelative MuiAppBar-colorPrimary makeStyles-root-3 undefined MuiPaper-elevation4"
>
  <div
    className="MuiToolbar-root MuiToolbar-regular MuiToolbar-gutters"
  >
    <div
      className="MuiGrid-root makeStyles-root-4 AppBarGrid storyblok--outline MuiGrid-container MuiGrid-spacing-xs-2 MuiGrid-align-items-xs-center MuiGrid-justify-xs-center"
      data-blok-c="{\\"name\\": \\"AppBarGridItem\\", \\"space\\": \\"48408\\", \\"uid\\": \\"947be9f0-47c3-4315-a95a-550f0c560eb5\\", \\"id\\": \\"307934\\"}"
      style={Object {}}
    >
      <div
        className="MuiGrid-root makeStyles-root-5  MuiGrid-container MuiGrid-spacing-xs-2 MuiGrid-item MuiGrid-align-items-xs-center MuiGrid-justify-xs-center"
        data-blok-c=""
        data-blok-uid=""
      />
    </div>
  </div>
</header>
`;
