// Jest Snapshot v1, https://goo.gl/fbAQLP

exports[`<MuiTransitions /> should render MuiGridList 1`] = `ShallowWrapper {}`;

exports[`<MuiTransitions /> snapshot 1`] = `
<div
  className="makeStyles-root-2"
>
  <div
    className="makeStyles-root-3"
  >
    <div
      style={
        Object {
          "transform": "scale(0)",
          "visibility": "hidden",
        }
      }
    />
  </div>
</div>
`;
