// Jest Snapshot v1, https://goo.gl/fbAQLP

exports[`<MuiTableHead /> snapshot 1`] = `
<thead
  className="MuiTableHead-root makeStyles-root-2"
  role={null}
>
  <tr
    className="MuiTableRow-root makeStyles-root-3 MuiTableRow-head"
    role={null}
  >
    <th
      aria-sort={null}
      className="MuiTableCell-root MuiTableCell-head makeStyles-root-4"
      scope="col"
    >
      <div
        className="MuiTypography-root makeStyles-root-5 MuiTypography-body1"
      >
        <span
          className="MuiTypography-root makeStyles-root-6 MuiTypography-body1"
        >
           undefined 
        </span>
      </div>
    </th>
  </tr>
</thead>
`;
