// Jest Snapshot v1, https://goo.gl/fbAQLP

exports[`<MuiContactButton /> snapshot 1`] = `
<button
  className="MuiButtonBase-root MuiButton-root MuiButton-text makeStyles-root-44 MuiButton-textSecondary MuiButton-fullWidth"
  data-testid="muiButton"
  disabled={false}
  onBlur={[Function]}
  onClick={[Function]}
  onDragLeave={[Function]}
  onFocus={[Function]}
  onKeyDown={[Function]}
  onKeyUp={[Function]}
  onMouseDown={[Function]}
  onMouseLeave={[Function]}
  onMouseUp={[Function]}
  onTouchEnd={[Function]}
  onTouchMove={[Function]}
  onTouchStart={[Function]}
  tabIndex={0}
  type="button"
>
  <span
    className="MuiButton-label"
  >
    Contact
  </span>
</button>
`;
