// Jest Snapshot v1, https://goo.gl/fbAQLP

exports[`<MuiListItemAvatar /> snapshot 1`] = `
<div
  className="MuiListItemAvatar-root makeStyles-root-3"
>
  <div
    className="MuiAvatar-root MuiAvatar-circle MuiAvatar-colorDefault"
  >
    <span
      aria-hidden={true}
      className="material-icons MuiIcon-root makeStyles-root-4 MuiIcon-colorSecondary"
    >
      android
    </span>
  </div>
</div>
`;
